// Jest Snapshot v1, https://goo.gl/fbAQLP

exports[`Pruebas en el Entry Component Debe de lcoincidir con el del snapshot 1`] = `
<div class="entry-container mb-2 pointer p-2">
  <!-- TÃ­tulo-->
  <div class="entry-title d-flex"><span class="text-success fs-5 fw-bold">1</span><span class="mx-1 fs-5">Septiembre</span><span class="mx-2 fw-light">2023, Viernes</span></div>
  <div class="entry-description">Prueba septiembre con imagen</div>
</div>
`;
