// Jest Snapshot v1, https://goo.gl/fbAQLP

exports[`Pruebas en el Entry List Hace match con el snapshot 1`] = `
<div class="entry-list-container">
  <div class="px-2 pt-2"><input type="text" class="form-control" placeholder="Buscar entradas"></div>
  <div class="mt-2 d-flex flex-column"><button class="btn btn-primary mx-3"><i class="fa fa-plus-circle"></i> Nueva entrada </button></div>
  <div class="entry-scrollarea px-2 pt-2">
    <entry-component-stub entry="[object Object]"></entry-component-stub>
    <entry-component-stub entry="[object Object]"></entry-component-stub>
  </div>
</div>
`;
