// Jest Snapshot v1, https://goo.gl/fbAQLP

exports[`Pruebas en el Navbar component debe de mostrar el componente correctamente 1`] = `
<nav class="navbar bg-primary"><a class="navbar-brand text-white"><img src="" alt="Vue logo" class="d-inline-block align-text-top mx-2" height="24"> Juan Carlos</a>
  <div class="d-flex"><button class="btn btn-outline-info mx-2"><i class="fas fa-sign-out-alt"></i><span>Logout</span></button></div>
</nav>
`;
